Archive member included to satisfy reference by file (symbol)

c:/progra~2/gnuarm~1/102020~1/bin/../lib/gcc/arm-none-eabi/10.2.1/../../../../arm-none-eabi/lib/thumb/v6-m/nofp\libg_nano.a(lib_a-exit.o)
                              c:/progra~2/gnuarm~1/102020~1/bin/../lib/gcc/arm-none-eabi/10.2.1/../../../../arm-none-eabi/lib/thumb/v6-m/nofp/crt0.o (exit)
c:/progra~2/gnuarm~1/102020~1/bin/../lib/gcc/arm-none-eabi/10.2.1/../../../../arm-none-eabi/lib/thumb/v6-m/nofp\libg_nano.a(lib_a-impure.o)
                              c:/progra~2/gnuarm~1/102020~1/bin/../lib/gcc/arm-none-eabi/10.2.1/../../../../arm-none-eabi/lib/thumb/v6-m/nofp\libg_nano.a(lib_a-exit.o) (_global_impure_ptr)
c:/progra~2/gnuarm~1/102020~1/bin/../lib/gcc/arm-none-eabi/10.2.1/../../../../arm-none-eabi/lib/thumb/v6-m/nofp\libg_nano.a(lib_a-init.o)
                              c:/progra~2/gnuarm~1/102020~1/bin/../lib/gcc/arm-none-eabi/10.2.1/../../../../arm-none-eabi/lib/thumb/v6-m/nofp/crt0.o (__libc_init_array)
c:/progra~2/gnuarm~1/102020~1/bin/../lib/gcc/arm-none-eabi/10.2.1/../../../../arm-none-eabi/lib/thumb/v6-m/nofp\libg_nano.a(lib_a-memset.o)
                              c:/progra~2/gnuarm~1/102020~1/bin/../lib/gcc/arm-none-eabi/10.2.1/../../../../arm-none-eabi/lib/thumb/v6-m/nofp/crt0.o (memset)
c:/progra~2/gnuarm~1/102020~1/bin/../lib/gcc/arm-none-eabi/10.2.1/../../../../arm-none-eabi/lib/thumb/v6-m/nofp\libg_nano.a(lib_a-printf.o)
                              CMakeFiles/SAMC21.elf.dir/hal/utils_syscalls.c.obj (printf)
c:/progra~2/gnuarm~1/102020~1/bin/../lib/gcc/arm-none-eabi/10.2.1/../../../../arm-none-eabi/lib/thumb/v6-m/nofp\libg_nano.a(lib_a-findfp.o)
                              c:/progra~2/gnuarm~1/102020~1/bin/../lib/gcc/arm-none-eabi/10.2.1/../../../../arm-none-eabi/lib/thumb/v6-m/nofp\libg_nano.a(lib_a-printf.o) (__sinit)
c:/progra~2/gnuarm~1/102020~1/bin/../lib/gcc/arm-none-eabi/10.2.1/../../../../arm-none-eabi/lib/thumb/v6-m/nofp\libg_nano.a(lib_a-fwalk.o)
                              c:/progra~2/gnuarm~1/102020~1/bin/../lib/gcc/arm-none-eabi/10.2.1/../../../../arm-none-eabi/lib/thumb/v6-m/nofp\libg_nano.a(lib_a-findfp.o) (_fwalk)
c:/progra~2/gnuarm~1/102020~1/bin/../lib/gcc/arm-none-eabi/10.2.1/../../../../arm-none-eabi/lib/thumb/v6-m/nofp\libg_nano.a(lib_a-lock.o)
                              c:/progra~2/gnuarm~1/102020~1/bin/../lib/gcc/arm-none-eabi/10.2.1/../../../../arm-none-eabi/lib/thumb/v6-m/nofp\libg_nano.a(lib_a-findfp.o) (__retarget_lock_init_recursive)
c:/progra~2/gnuarm~1/102020~1/bin/../lib/gcc/arm-none-eabi/10.2.1/../../../../arm-none-eabi/lib/thumb/v6-m/nofp\libg_nano.a(lib_a-nano-mallocr.o)
                              c:/progra~2/gnuarm~1/102020~1/bin/../lib/gcc/arm-none-eabi/10.2.1/../../../../arm-none-eabi/lib/thumb/v6-m/nofp\libg_nano.a(lib_a-findfp.o) (_malloc_r)
c:/progra~2/gnuarm~1/102020~1/bin/../lib/gcc/arm-none-eabi/10.2.1/../../../../arm-none-eabi/lib/thumb/v6-m/nofp\libg_nano.a(lib_a-nano-vfprintf.o)
                              c:/progra~2/gnuarm~1/102020~1/bin/../lib/gcc/arm-none-eabi/10.2.1/../../../../arm-none-eabi/lib/thumb/v6-m/nofp\libg_nano.a(lib_a-printf.o) (_vfprintf_r)
c:/progra~2/gnuarm~1/102020~1/bin/../lib/gcc/arm-none-eabi/10.2.1/../../../../arm-none-eabi/lib/thumb/v6-m/nofp\libg_nano.a(lib_a-nano-vfprintf_i.o)
                              c:/progra~2/gnuarm~1/102020~1/bin/../lib/gcc/arm-none-eabi/10.2.1/../../../../arm-none-eabi/lib/thumb/v6-m/nofp\libg_nano.a(lib_a-nano-vfprintf.o) (_printf_i)
c:/progra~2/gnuarm~1/102020~1/bin/../lib/gcc/arm-none-eabi/10.2.1/../../../../arm-none-eabi/lib/thumb/v6-m/nofp\libg_nano.a(lib_a-sbrkr.o)
                              c:/progra~2/gnuarm~1/102020~1/bin/../lib/gcc/arm-none-eabi/10.2.1/../../../../arm-none-eabi/lib/thumb/v6-m/nofp\libg_nano.a(lib_a-nano-mallocr.o) (_sbrk_r)
c:/progra~2/gnuarm~1/102020~1/bin/../lib/gcc/arm-none-eabi/10.2.1/../../../../arm-none-eabi/lib/thumb/v6-m/nofp\libg_nano.a(lib_a-stdio.o)
                              c:/progra~2/gnuarm~1/102020~1/bin/../lib/gcc/arm-none-eabi/10.2.1/../../../../arm-none-eabi/lib/thumb/v6-m/nofp\libg_nano.a(lib_a-findfp.o) (__sread)
c:/progra~2/gnuarm~1/102020~1/bin/../lib/gcc/arm-none-eabi/10.2.1/../../../../arm-none-eabi/lib/thumb/v6-m/nofp\libg_nano.a(lib_a-wbuf.o)
                              c:/progra~2/gnuarm~1/102020~1/bin/../lib/gcc/arm-none-eabi/10.2.1/../../../../arm-none-eabi/lib/thumb/v6-m/nofp\libg_nano.a(lib_a-nano-vfprintf.o) (__swbuf_r)
c:/progra~2/gnuarm~1/102020~1/bin/../lib/gcc/arm-none-eabi/10.2.1/../../../../arm-none-eabi/lib/thumb/v6-m/nofp\libg_nano.a(lib_a-writer.o)
                              c:/progra~2/gnuarm~1/102020~1/bin/../lib/gcc/arm-none-eabi/10.2.1/../../../../arm-none-eabi/lib/thumb/v6-m/nofp\libg_nano.a(lib_a-stdio.o) (_write_r)
c:/progra~2/gnuarm~1/102020~1/bin/../lib/gcc/arm-none-eabi/10.2.1/../../../../arm-none-eabi/lib/thumb/v6-m/nofp\libg_nano.a(lib_a-wsetup.o)
[...]
Memory Configuration

Name             Origin             Length             Attributes
rom              0x00000000         0x00040000         xr
ram              0x20000000         0x00008000         xrw
*default*        0x00000000         0xffffffff

Linker script and memory map

LOAD c:/progra~2/gnuarm~1/102020~1/bin/../lib/gcc/arm-none-eabi/10.2.1/thumb/v6-m/nofp/crti.o
LOAD c:/progra~2/gnuarm~1/102020~1/bin/../lib/gcc/arm-none-eabi/10.2.1/thumb/v6-m/nofp/crtbegin.o
LOAD c:/progra~2/gnuarm~1/102020~1/bin/../lib/gcc/arm-none-eabi/10.2.1/../../../../arm-none-eabi/lib/thumb/v6-m/nofp/crt0.o
START GROUP
LOAD c:/progra~2/gnuarm~1/102020~1/bin/../lib/gcc/arm-none-eabi/10.2.1/../../../../arm-none-eabi/lib/thumb/v6-m/nofp\libm.a
END GROUP
Address of section .text set to 0x0
LOAD CMakeFiles/SAMC21.elf.dir/hpl/hpl_core_m0plus_base.c.obj
LOAD CMakeFiles/SAMC21.elf.dir/hpl/hpl_divas.c.obj
LOAD CMakeFiles/SAMC21.elf.dir/hpl/hpl_dmac.c.obj
LOAD CMakeFiles/SAMC21.elf.dir/hpl/hpl_gclk.c.obj
LOAD CMakeFiles/SAMC21.elf.dir/hpl/hpl_init.c.obj
LOAD CMakeFiles/SAMC21.elf.dir/hpl/hpl_mclk.c.obj
LOAD CMakeFiles/SAMC21.elf.dir/hpl/hpl_osc32kctrl.c.obj
LOAD CMakeFiles/SAMC21.elf.dir/hpl/hpl_oscctrl.c.obj
LOAD CMakeFiles/SAMC21.elf.dir/hpl/hpl_pm.c.obj
LOAD CMakeFiles/SAMC21.elf.dir/hpl/hpl_systick.c.obj
LOAD CMakeFiles/SAMC21.elf.dir/hal/hal_atomic.c.obj
LOAD CMakeFiles/SAMC21.elf.dir/hal/hal_delay.c.obj
LOAD CMakeFiles/SAMC21.elf.dir/hal/hal_gpio.c.obj
LOAD CMakeFiles/SAMC21.elf.dir/hal/hal_init.c.obj
LOAD CMakeFiles/SAMC21.elf.dir/hal/hal_io.c.obj
LOAD CMakeFiles/SAMC21.elf.dir/hal/hal_sleep.c.obj
LOAD CMakeFiles/SAMC21.elf.dir/hal/utils_assert.c.obj
LOAD CMakeFiles/SAMC21.elf.dir/hal/utils_event.c.obj
LOAD CMakeFiles/SAMC21.elf.dir/hal/utils_list.c.obj
LOAD CMakeFiles/SAMC21.elf.dir/hal/utils_syscalls.c.obj
LOAD CMakeFiles/SAMC21.elf.dir/atmel_start.c.obj
LOAD CMakeFiles/SAMC21.elf.dir/driver_examples.c.obj
LOAD CMakeFiles/SAMC21.elf.dir/driver_init.c.obj
LOAD CMakeFiles/SAMC21.elf.dir/led_flasher_main.c.obj
LOAD CMakeFiles/SAMC21.elf.dir/samc21/gcc/gcc/startup_samc21.c.obj
LOAD CMakeFiles/SAMC21.elf.dir/samc21/gcc/system_samc21.c.obj
START GROUP
LOAD c:/progra~2/gnuarm~1/102020~1/bin/../lib/gcc/arm-none-eabi/10.2.1/thumb/v6-m/nofp\libgcc.a
LOAD c:/progra~2/gnuarm~1/102020~1/bin/../lib/gcc/arm-none-eabi/10.2.1/../../../../arm-none-eabi/lib/thumb/v6-m/nofp\libg_nano.a
LOAD c:/progra~2/gnuarm~1/102020~1/bin/../lib/gcc/arm-none-eabi/10.2.1/../../../../arm-none-eabi/lib/thumb/v6-m/nofp\libc_nano.a
END GROUP
START GROUP
LOAD c:/progra~2/gnuarm~1/102020~1/bin/../lib/gcc/arm-none-eabi/10.2.1/thumb/v6-m/nofp\libgcc.a
LOAD c:/progra~2/gnuarm~1/102020~1/bin/../lib/gcc/arm-none-eabi/10.2.1/../../../../arm-none-eabi/lib/thumb/v6-m/nofp\libc_nano.a
END GROUP
LOAD c:/progra~2/gnuarm~1/102020~1/bin/../lib/gcc/arm-none-eabi/10.2.1/thumb/v6-m/nofp/crtend.o
LOAD c:/progra~2/gnuarm~1/102020~1/bin/../lib/gcc/arm-none-eabi/10.2.1/thumb/v6-m/nofp/crtn.o
                0x00002000                STACK_SIZE = DEFINED (STACK_SIZE)?STACK_SIZE:DEFINED (__stack_size__)?__stack_size__:0x2000

.text           0x00000000      0xe98
                0x00000000                . = ALIGN (0x4)
                0x00000000                _sfixed = .
 *(.vectors .vectors.*)
 .vectors       0x00000000       0xbc CMakeFiles/SAMC21.elf.dir/samc21/gcc/gcc/startup_samc21.c.obj
                0x00000000                exception_table
 *(.text .text.* .gnu.linkonce.t.*)
 .text          0x000000bc       0x48 c:/progra~2/gnuarm~1/102020~1/bin/../lib/gcc/arm-none-eabi/10.2.1/thumb/v6-m/nofp/crtbegin.o
 .text._get_cycles_for_ms_internal
                0x00000104       0xe8 CMakeFiles/SAMC21.elf.dir/hpl/hpl_core_m0plus_base.c.obj
 .text._get_cycles_for_ms
                0x000001ec       0x28 CMakeFiles/SAMC21.elf.dir/hpl/hpl_core_m0plus_base.c.obj
                0x000001ec                _get_cycles_for_ms
 .text.hri_divas_write_CTRLA_DLZ_bit
                0x00000214       0x4a CMakeFiles/SAMC21.elf.dir/hpl/hpl_divas.c.obj
 .text._divas_div
                0x0000025e       0x5e CMakeFiles/SAMC21.elf.dir/hpl/hpl_divas.c.obj
 .text._div_init
                0x000002bc       0x16 CMakeFiles/SAMC21.elf.dir/hpl/hpl_divas.c.obj
                0x000002bc                _div_init
 .text.__aeabi_uidiv
                0x000002d2       0x42 CMakeFiles/SAMC21.elf.dir/hpl/hpl_divas.c.obj
                0x000002d2                __aeabi_uidiv
 .text.hri_gclk_wait_for_sync
                0x00000314       0x20 CMakeFiles/SAMC21.elf.dir/hpl/hpl_gclk.c.obj
 .text.hri_gclk_write_GENCTRL_reg
                0x00000334       0x38 CMakeFiles/SAMC21.elf.dir/hpl/hpl_gclk.c.obj
 .text._gclk_init_generators_by_fref
                0x0000036c       0x2c CMakeFiles/SAMC21.elf.dir/hpl/hpl_gclk.c.obj
                0x0000036c                _gclk_init_generators_by_fref
 .text.hri_nvmctrl_set_CTRLB_RWS_bf
                0x00000398       0x24 CMakeFiles/SAMC21.elf.dir/hpl/hpl_init.c.obj
 .text._init_chip
                0x000003bc       0x34 CMakeFiles/SAMC21.elf.dir/hpl/hpl_init.c.obj
                0x000003bc                _init_chip
 .text.hri_mclk_write_CPUDIV_reg
                0x000003f0       0x1e CMakeFiles/SAMC21.elf.dir/hpl/hpl_mclk.c.obj
 *fill*         0x0000040e        0x2 
 .text._mclk_init
                0x00000410       0x20 CMakeFiles/SAMC21.elf.dir/hpl/hpl_mclk.c.obj
                0x00000410                _mclk_init
 .text.hri_osc32kctrl_write_RTCCTRL_reg
                0x00000430       0x18 CMakeFiles/SAMC21.elf.dir/hpl/hpl_osc32kctrl.c.obj
 .text.hri_osc32kctrl_read_OSCULP32K_CALIB_bf
                0x00000448       0x22 CMakeFiles/SAMC21.elf.dir/hpl/hpl_osc32kctrl.c.obj
 .text.hri_osc32kctrl_write_OSCULP32K_reg
                0x0000046a       0x18 CMakeFiles/SAMC21.elf.dir/hpl/hpl_osc32kctrl.c.obj
 *fill*         0x00000482        0x2 
 .text._osc32kctrl_init_sources
                0x00000484       0x4c CMakeFiles/SAMC21.elf.dir/hpl/hpl_osc32kctrl.c.obj
                0x00000484                _osc32kctrl_init_sources
 .text.hri_oscctrl_osc48msyncbusy_wait_for_sync
                0x000004d0       0x20 CMakeFiles/SAMC21.elf.dir/hpl/hpl_oscctrl.c.obj
 .text.hri_oscctrl_get_STATUS_OSC48MRDY_bit
                0x000004f0       0x20 CMakeFiles/SAMC21.elf.dir/hpl/hpl_oscctrl.c.obj
 .text.hri_oscctrl_get_OSC48MSYNCBUSY_OSC48MDIV_bit
                0x00000510       0x20 CMakeFiles/SAMC21.elf.dir/hpl/hpl_oscctrl.c.obj
 .text.hri_oscctrl_set_OSC48MCTRL_ONDEMAND_bit
                0x00000530       0x22 CMakeFiles/SAMC21.elf.dir/hpl/hpl_oscctrl.c.obj
 .text.hri_oscctrl_write_OSC48MCTRL_reg
                0x00000552       0x1e CMakeFiles/SAMC21.elf.dir/hpl/hpl_oscctrl.c.obj
 .text.hri_oscctrl_write_OSC48MDIV_reg
                0x00000570       0x28 CMakeFiles/SAMC21.elf.dir/hpl/hpl_oscctrl.c.obj
 .text.hri_oscctrl_write_OSC48MSTUP_reg
                0x00000598       0x1e CMakeFiles/SAMC21.elf.dir/hpl/hpl_oscctrl.c.obj
 *fill*         0x000005b6        0x2 
 .text._oscctrl_init_sources
                0x000005b8       0x64 CMakeFiles/SAMC21.elf.dir/hpl/hpl_oscctrl.c.obj
                0x000005b8                _oscctrl_init_sources
 .text._oscctrl_init_referenced_generators
                0x0000061c       0x18 CMakeFiles/SAMC21.elf.dir/hpl/hpl_oscctrl.c.obj
                0x0000061c                _oscctrl_init_referenced_generators
 .text._system_time_init
                0x00000634       0x24 CMakeFiles/SAMC21.elf.dir/hpl/hpl_systick.c.obj
                0x00000634                _system_time_init
 .text._delay_init
                0x00000658       0x18 CMakeFiles/SAMC21.elf.dir/hpl/hpl_systick.c.obj
                0x00000658                _delay_init
 .text._delay_cycles
                0x00000670       0x80 CMakeFiles/SAMC21.elf.dir/hpl/hpl_systick.c.obj
                0x00000670                _delay_cycles
 .text.delay_init
                0x000006f0       0x24 CMakeFiles/SAMC21.elf.dir/hal/hal_delay.c.obj
                0x000006f0                delay_init
 .text.delay_ms
                0x00000714       0x30 CMakeFiles/SAMC21.elf.dir/hal/hal_delay.c.obj
                0x00000714                delay_ms
 .text.assert   0x00000744       0x2a CMakeFiles/SAMC21.elf.dir/hal/utils_assert.c.obj
                0x00000744                assert
 .text.atmel_start_init
                0x0000076e        0xe CMakeFiles/SAMC21.elf.dir/atmel_start.c.obj
                0x0000076e                atmel_start_init
 .text.hri_port_set_DIR_reg
                0x0000077c       0x2a CMakeFiles/SAMC21.elf.dir/driver_init.c.obj
 .text.hri_port_clear_DIR_reg
                0x000007a6       0x2a CMakeFiles/SAMC21.elf.dir/driver_init.c.obj
 .text.hri_port_set_OUT_reg
                0x000007d0       0x2a CMakeFiles/SAMC21.elf.dir/driver_init.c.obj
 .text.hri_port_clear_OUT_reg
                0x000007fa       0x2a CMakeFiles/SAMC21.elf.dir/driver_init.c.obj
 .text.hri_port_write_PMUX_PMUXE_bf
                0x00000824       0x80 CMakeFiles/SAMC21.elf.dir/driver_init.c.obj
 .text.hri_port_write_PMUX_PMUXO_bf
                0x000008a4       0x7e CMakeFiles/SAMC21.elf.dir/driver_init.c.obj
 .text.hri_port_write_PINCFG_PMUXEN_bit
                0x00000922       0x7a CMakeFiles/SAMC21.elf.dir/driver_init.c.obj
 .text.hri_port_write_WRCONFIG_reg
                0x0000099c       0x2a CMakeFiles/SAMC21.elf.dir/driver_init.c.obj
 *fill*         0x000009c6        0x2 
 .text._gpio_set_direction
                0x000009c8      0x114 CMakeFiles/SAMC21.elf.dir/driver_init.c.obj
 .text._gpio_set_level
                0x00000adc       0x48 CMakeFiles/SAMC21.elf.dir/driver_init.c.obj
 .text._gpio_set_pin_function
                0x00000b24       0x9e CMakeFiles/SAMC21.elf.dir/driver_init.c.obj
 .text.gpio_set_pin_function
                0x00000bc2       0x1e CMakeFiles/SAMC21.elf.dir/driver_init.c.obj
 .text.gpio_set_pin_direction
                0x00000be0       0x3a CMakeFiles/SAMC21.elf.dir/driver_init.c.obj
 .text.gpio_set_pin_level
                0x00000c1a       0x3a CMakeFiles/SAMC21.elf.dir/driver_init.c.obj
 .text.init_mcu
                0x00000c54        0xe CMakeFiles/SAMC21.elf.dir/driver_init.c.obj
 *fill*         0x00000c62        0x2 
 .text.delay_driver_init
                0x00000c64       0x18 CMakeFiles/SAMC21.elf.dir/driver_init.c.obj
                0x00000c64                delay_driver_init
 .text.system_init
                0x00000c7c       0x2e CMakeFiles/SAMC21.elf.dir/driver_init.c.obj
                0x00000c7c                system_init
 .text.hri_port_toggle_OUT_reg
                0x00000caa       0x2a CMakeFiles/SAMC21.elf.dir/led_flasher_main.c.obj
 .text._gpio_toggle_level
                0x00000cd4       0x26 CMakeFiles/SAMC21.elf.dir/led_flasher_main.c.obj
 .text.gpio_toggle_pin_level
                0x00000cfa       0x32 CMakeFiles/SAMC21.elf.dir/led_flasher_main.c.obj
 .text.main     0x00000d2c       0x1a CMakeFiles/SAMC21.elf.dir/led_flasher_main.c.obj
                0x00000d2c                main
 *fill*         0x00000d46        0x2 
 .text.Reset_Handler
                0x00000d48       0x7c CMakeFiles/SAMC21.elf.dir/samc21/gcc/gcc/startup_samc21.c.obj
                0x00000d48                Reset_Handler
 .text.Dummy_Handler
                0x00000dc4        0x6 CMakeFiles/SAMC21.elf.dir/samc21/gcc/gcc/startup_samc21.c.obj
                0x00000dc4                SVCall_Handler
                0x00000dc4                DMAC_Handler
                0x00000dc4                HardFault_Handler
                0x00000dc4                TC2_Handler
                0x00000dc4                AC_Handler
                0x00000dc4                SysTick_Handler
                0x00000dc4                PendSV_Handler
                0x00000dc4                SERCOM1_Handler
                0x00000dc4                NonMaskableInt_Handler
                0x00000dc4                TCC1_Handler
                0x00000dc4                SERCOM2_Handler
                0x00000dc4                TCC0_Handler
                0x00000dc4                RTC_Handler
                0x00000dc4                ADC1_Handler
                0x00000dc4                EIC_Handler
                0x00000dc4                WDT_Handler
                0x00000dc4                CAN0_Handler
                0x00000dc4                TC4_Handler
                0x00000dc4                TC1_Handler
                0x00000dc4                TC3_Handler
                0x00000dc4                SDADC_Handler
                0x00000dc4                Dummy_Handler
                0x00000dc4                SERCOM5_Handler
                0x00000dc4                CAN1_Handler
                0x00000dc4                ADC0_Handler
                0x00000dc4                TSENS_Handler
                0x00000dc4                TCC2_Handler
                0x00000dc4                EVSYS_Handler
                0x00000dc4                SERCOM3_Handler
                0x00000dc4                SERCOM4_Handler
                0x00000dc4                NVMCTRL_Handler
                0x00000dc4                SYSTEM_Handler
                0x00000dc4                SERCOM0_Handler
                0x00000dc4                DAC_Handler
                0x00000dc4                PTC_Handler
                0x00000dc4                FREQM_Handler
                0x00000dc4                TC0_Handler
 *fill*         0x00000dca        0x2 
 .text.__libc_init_array
                0x00000dcc       0x48 c:/progra~2/gnuarm~1/102020~1/bin/../lib/gcc/arm-none-eabi/10.2.1/../../../../arm-none-eabi/lib/thumb/v6-m/nofp\libg_nano.a(lib_a-init.o)
                0x00000dcc                __libc_init_array
 *(.glue_7t)
 .glue_7t       0x00000e14        0x0 linker stubs
 *(.glue_7)
 .glue_7        0x00000e14        0x0 linker stubs
 *(.rodata .rodata* .gnu.linkonce.r.*)
 .rodata._get_cycles_for_ms_internal
                0x00000e14       0x14 CMakeFiles/SAMC21.elf.dir/hpl/hpl_core_m0plus_base.c.obj
 .rodata        0x00000e28       0x4d CMakeFiles/SAMC21.elf.dir/driver_init.c.obj
 *(.ARM.extab* .gnu.linkonce.armextab.*)
                0x00000e78                . = ALIGN (0x4)
 *fill*         0x00000e75        0x3 
 *(.init)
 .init          0x00000e78        0x4 c:/progra~2/gnuarm~1/102020~1/bin/../lib/gcc/arm-none-eabi/10.2.1/thumb/v6-m/nofp/crti.o
                0x00000e78                _init
 .init          0x00000e7c        0x8 c:/progra~2/gnuarm~1/102020~1/bin/../lib/gcc/arm-none-eabi/10.2.1/thumb/v6-m/nofp/crtn.o
                0x00000e84                . = ALIGN (0x4)
                0x00000e84                __preinit_array_start = .
 *(.preinit_array)
                0x00000e84                __preinit_array_end = .
                0x00000e84                . = ALIGN (0x4)
                0x00000e84                __init_array_start = .
 *(SORT_BY_NAME(.init_array.*))
 *(.init_array)
 .init_array    0x00000e84        0x4 c:/progra~2/gnuarm~1/102020~1/bin/../lib/gcc/arm-none-eabi/10.2.1/thumb/v6-m/nofp/crtbegin.o
                0x00000e88                __init_array_end = .
                0x00000e88                . = ALIGN (0x4)
 *crtbegin.o(.ctors)
 *(EXCLUDE_FILE(*crtend.o) .ctors)
 *(SORT_BY_NAME(.ctors.*))
 *crtend.o(.ctors)
                0x00000e88                . = ALIGN (0x4)
 *(.fini)
 .fini          0x00000e88        0x4 c:/progra~2/gnuarm~1/102020~1/bin/../lib/gcc/arm-none-eabi/10.2.1/thumb/v6-m/nofp/crti.o
                0x00000e88                _fini
 .fini          0x00000e8c        0x8 c:/progra~2/gnuarm~1/102020~1/bin/../lib/gcc/arm-none-eabi/10.2.1/thumb/v6-m/nofp/crtn.o
                0x00000e94                . = ALIGN (0x4)
                0x00000e94                __fini_array_start = .
 *(.fini_array)
 .fini_array    0x00000e94        0x4 c:/progra~2/gnuarm~1/102020~1/bin/../lib/gcc/arm-none-eabi/10.2.1/thumb/v6-m/nofp/crtbegin.o
 *(SORT_BY_NAME(.fini_array.*))
                0x00000e98                __fini_array_end = .
 *crtbegin.o(.dtors)
 *(EXCLUDE_FILE(*crtend.o) .dtors)
 *(SORT_BY_NAME(.dtors.*))
 *crtend.o(.dtors)
                0x00000e98                . = ALIGN (0x4)
                0x00000e98                _efixed = .
                [!provide]                PROVIDE (__exidx_start = .)

.vfp11_veneer   0x00000e98        0x0
 .vfp11_veneer  0x00000e98        0x0 linker stubs

.v4_bx          0x00000e98        0x0
 .v4_bx         0x00000e98        0x0 linker stubs

.iplt           0x00000e98        0x0
 .iplt          0x00000e98        0x0 c:/progra~2/gnuarm~1/102020~1/bin/../lib/gcc/arm-none-eabi/10.2.1/thumb/v6-m/nofp/crtbegin.o

.igot.plt       0x00000e98        0x0
 .igot.plt      0x00000e98        0x0 c:/progra~2/gnuarm~1/102020~1/bin/../lib/gcc/arm-none-eabi/10.2.1/thumb/v6-m/nofp/crtbegin.o

.eh_frame       0x00000e98        0x0
 .eh_frame      0x00000e98        0x0 c:/progra~2/gnuarm~1/102020~1/bin/../lib/gcc/arm-none-eabi/10.2.1/thumb/v6-m/nofp/crtbegin.o

.rel.dyn        0x00000e98        0x0
 .rel.iplt      0x00000e98        0x0 c:/progra~2/gnuarm~1/102020~1/bin/../lib/gcc/arm-none-eabi/10.2.1/thumb/v6-m/nofp/crtbegin.o

.ARM.exidx
 *(.ARM.exidx* .gnu.linkonce.armexidx.*)
                [!provide]                PROVIDE (__exidx_end = .)
                0x00000e98                . = ALIGN (0x4)
                0x00000e98                _etext = .

.relocate       0x20000000        0x0 load address 0x00000e98
                0x20000000                . = ALIGN (0x4)
                0x20000000                _srelocate = .
 *(.ramfunc .ramfunc.*)
 *(.data .data.*)
                0x20000000                . = ALIGN (0x4)
                0x20000000                _erelocate = .

.bss            0x20000000       0x20
                0x20000000                . = ALIGN (0x4)
                0x20000000                _sbss = .
                0x20000000                _szero = .
 *(.bss .bss.*)
 .bss           0x20000000       0x1c c:/progra~2/gnuarm~1/102020~1/bin/../lib/gcc/arm-none-eabi/10.2.1/thumb/v6-m/nofp/crtbegin.o
 .bss.hardware  0x2000001c        0x4 CMakeFiles/SAMC21.elf.dir/hal/hal_delay.c.obj
 *(COMMON)
                0x20000020                . = ALIGN (0x4)
                0x20000020                _ebss = .
                0x20000020                _ezero = .

.stack          0x20000020     0x2000
                0x20000020                . = ALIGN (0x8)
                0x20000020                _sstack = .
                0x20002020                . = (. + STACK_SIZE)
 *fill*         0x20000020     0x2000 
                0x20002020                . = ALIGN (0x8)
                0x20002020                _estack = .
                0x20002020                . = ALIGN (0x4)
                0x20002020                _end = .
OUTPUT(SAMC21.elf elf32-littlearm)
LOAD linker stubs

.ARM.attributes
                0x00000000       0x28
 .ARM.attributes
                0x00000000       0x1e c:/progra~2/gnuarm~1/102020~1/bin/../lib/gcc/arm-none-eabi/10.2.1/thumb/v6-m/nofp/crti.o
 .ARM.attributes
                0x0000001e       0x2c c:/progra~2/gnuarm~1/102020~1/bin/../lib/gcc/arm-none-eabi/10.2.1/thumb/v6-m/nofp/crtbegin.o
 .ARM.attributes
                0x0000004a       0x2c CMakeFiles/SAMC21.elf.dir/hpl/hpl_core_m0plus_base.c.obj
 .ARM.attributes
                0x00000076       0x2c CMakeFiles/SAMC21.elf.dir/hpl/hpl_divas.c.obj
 .ARM.attributes
                0x000000a2       0x2c CMakeFiles/SAMC21.elf.dir/hpl/hpl_gclk.c.obj
 .ARM.attributes
                0x000000ce       0x2c CMakeFiles/SAMC21.elf.dir/hpl/hpl_init.c.obj
 .ARM.attributes
                0x000000fa       0x2c CMakeFiles/SAMC21.elf.dir/hpl/hpl_mclk.c.obj
 .ARM.attributes
                0x00000126       0x2c CMakeFiles/SAMC21.elf.dir/hpl/hpl_osc32kctrl.c.obj
 .ARM.attributes
                0x00000152       0x2c CMakeFiles/SAMC21.elf.dir/hpl/hpl_oscctrl.c.obj
 .ARM.attributes
                0x0000017e       0x2c CMakeFiles/SAMC21.elf.dir/hpl/hpl_systick.c.obj
 .ARM.attributes
                0x000001aa       0x2c CMakeFiles/SAMC21.elf.dir/hal/hal_delay.c.obj
 .ARM.attributes
                0x000001d6       0x2c CMakeFiles/SAMC21.elf.dir/hal/utils_assert.c.obj
 .ARM.attributes
                0x00000202       0x2c CMakeFiles/SAMC21.elf.dir/atmel_start.c.obj
 .ARM.attributes
                0x0000022e       0x2c CMakeFiles/SAMC21.elf.dir/driver_init.c.obj
 .ARM.attributes
                0x0000025a       0x2c CMakeFiles/SAMC21.elf.dir/led_flasher_main.c.obj
 .ARM.attributes
                0x00000286       0x2c CMakeFiles/SAMC21.elf.dir/samc21/gcc/gcc/startup_samc21.c.obj
 .ARM.attributes
                0x000002b2       0x2c c:/progra~2/gnuarm~1/102020~1/bin/../lib/gcc/arm-none-eabi/10.2.1/../../../../arm-none-eabi/lib/thumb/v6-m/nofp\libg_nano.a(lib_a-init.o)
 .ARM.attributes
                0x000002de       0x1e c:/progra~2/gnuarm~1/102020~1/bin/../lib/gcc/arm-none-eabi/10.2.1/thumb/v6-m/nofp/crtn.o

.comment        0x00000000       0x4d
 .comment       0x00000000       0x4d CMakeFiles/SAMC21.elf.dir/hpl/hpl_core_m0plus_base.c.obj
                                 0x4e (size before relaxing)
 .comment       0x0000004d       0x4e CMakeFiles/SAMC21.elf.dir/hpl/hpl_divas.c.obj
 .comment       0x0000004d       0x4e CMakeFiles/SAMC21.elf.dir/hpl/hpl_gclk.c.obj
 .comment       0x0000004d       0x4e CMakeFiles/SAMC21.elf.dir/hpl/hpl_init.c.obj
 .comment       0x0000004d       0x4e CMakeFiles/SAMC21.elf.dir/hpl/hpl_mclk.c.obj
 .comment       0x0000004d       0x4e CMakeFiles/SAMC21.elf.dir/hpl/hpl_osc32kctrl.c.obj
 .comment       0x0000004d       0x4e CMakeFiles/SAMC21.elf.dir/hpl/hpl_oscctrl.c.obj
 .comment       0x0000004d       0x4e CMakeFiles/SAMC21.elf.dir/hpl/hpl_systick.c.obj
 .comment       0x0000004d       0x4e CMakeFiles/SAMC21.elf.dir/hal/hal_delay.c.obj
 .comment       0x0000004d       0x4e CMakeFiles/SAMC21.elf.dir/hal/utils_assert.c.obj
 .comment       0x0000004d       0x4e CMakeFiles/SAMC21.elf.dir/atmel_start.c.obj
 .comment       0x0000004d       0x4e CMakeFiles/SAMC21.elf.dir/driver_init.c.obj
 .comment       0x0000004d       0x4e CMakeFiles/SAMC21.elf.dir/led_flasher_main.c.obj
 .comment       0x0000004d       0x4e CMakeFiles/SAMC21.elf.dir/samc21/gcc/gcc/startup_samc21.c.obj

.debug_info     0x00000000     0x5299
 .debug_info    0x00000000      0x735 CMakeFiles/SAMC21.elf.dir/hpl/hpl_core_m0plus_base.c.obj
 .debug_info    0x00000735      0x76e CMakeFiles/SAMC21.elf.dir/hpl/hpl_divas.c.obj
 .debug_info    0x00000ea3      0x4ec CMakeFiles/SAMC21.elf.dir/hpl/hpl_gclk.c.obj
 .debug_info    0x0000138f      0x6a7 CMakeFiles/SAMC21.elf.dir/hpl/hpl_init.c.obj
 .debug_info    0x00001a36      0x780 CMakeFiles/SAMC21.elf.dir/hpl/hpl_mclk.c.obj
 .debug_info    0x000021b6      0x71c CMakeFiles/SAMC21.elf.dir/hpl/hpl_osc32kctrl.c.obj
 .debug_info    0x000028d2      0xd4d CMakeFiles/SAMC21.elf.dir/hpl/hpl_oscctrl.c.obj
 .debug_info    0x0000361f      0x227 CMakeFiles/SAMC21.elf.dir/hpl/hpl_systick.c.obj
 .debug_info    0x00003846      0x13b CMakeFiles/SAMC21.elf.dir/hal/hal_delay.c.obj
 .debug_info    0x00003981       0xd8 CMakeFiles/SAMC21.elf.dir/hal/utils_assert.c.obj
 .debug_info    0x00003a59       0x7e CMakeFiles/SAMC21.elf.dir/atmel_start.c.obj
 .debug_info    0x00003ad7      0xbc6 CMakeFiles/SAMC21.elf.dir/driver_init.c.obj
 .debug_info    0x0000469d      0x786 CMakeFiles/SAMC21.elf.dir/led_flasher_main.c.obj
 .debug_info    0x00004e23      0x476 CMakeFiles/SAMC21.elf.dir/samc21/gcc/gcc/startup_samc21.c.obj

.debug_abbrev   0x00000000     0x1595
 .debug_abbrev  0x00000000      0x2e3 CMakeFiles/SAMC21.elf.dir/hpl/hpl_core_m0plus_base.c.obj
 .debug_abbrev  0x000002e3      0x221 CMakeFiles/SAMC21.elf.dir/hpl/hpl_divas.c.obj
 .debug_abbrev  0x00000504      0x17d CMakeFiles/SAMC21.elf.dir/hpl/hpl_gclk.c.obj
 .debug_abbrev  0x00000681      0x193 CMakeFiles/SAMC21.elf.dir/hpl/hpl_init.c.obj
 .debug_abbrev  0x00000814      0x1ad CMakeFiles/SAMC21.elf.dir/hpl/hpl_mclk.c.obj
 .debug_abbrev  0x000009c1      0x1c3 CMakeFiles/SAMC21.elf.dir/hpl/hpl_osc32kctrl.c.obj
 .debug_abbrev  0x00000b84      0x211 CMakeFiles/SAMC21.elf.dir/hpl/hpl_oscctrl.c.obj
 .debug_abbrev  0x00000d95      0x13f CMakeFiles/SAMC21.elf.dir/hpl/hpl_systick.c.obj
 .debug_abbrev  0x00000ed4       0xbb CMakeFiles/SAMC21.elf.dir/hal/hal_delay.c.obj
 .debug_abbrev  0x00000f8f       0x67 CMakeFiles/SAMC21.elf.dir/hal/utils_assert.c.obj
 .debug_abbrev  0x00000ff6       0x44 CMakeFiles/SAMC21.elf.dir/atmel_start.c.obj
 .debug_abbrev  0x0000103a      0x242 CMakeFiles/SAMC21.elf.dir/driver_init.c.obj
 .debug_abbrev  0x0000127c      0x1e1 CMakeFiles/SAMC21.elf.dir/led_flasher_main.c.obj
 .debug_abbrev  0x0000145d      0x138 CMakeFiles/SAMC21.elf.dir/samc21/gcc/gcc/startup_samc21.c.obj

.debug_aranges  0x00000000      0x3d8
 .debug_aranges
                0x00000000       0xa8 CMakeFiles/SAMC21.elf.dir/hpl/hpl_core_m0plus_base.c.obj
 .debug_aranges
                0x000000a8       0x50 CMakeFiles/SAMC21.elf.dir/hpl/hpl_divas.c.obj
 .debug_aranges
                0x000000f8       0x38 CMakeFiles/SAMC21.elf.dir/hpl/hpl_gclk.c.obj
 .debug_aranges
                0x00000130       0x28 CMakeFiles/SAMC21.elf.dir/hpl/hpl_init.c.obj
 .debug_aranges
                0x00000158       0x28 CMakeFiles/SAMC21.elf.dir/hpl/hpl_mclk.c.obj
 .debug_aranges
                0x00000180       0x38 CMakeFiles/SAMC21.elf.dir/hpl/hpl_osc32kctrl.c.obj
 .debug_aranges
                0x000001b8       0x60 CMakeFiles/SAMC21.elf.dir/hpl/hpl_oscctrl.c.obj
 .debug_aranges
                0x00000218       0x48 CMakeFiles/SAMC21.elf.dir/hpl/hpl_systick.c.obj
 .debug_aranges
                0x00000260       0x38 CMakeFiles/SAMC21.elf.dir/hal/hal_delay.c.obj
 .debug_aranges
                0x00000298       0x20 CMakeFiles/SAMC21.elf.dir/hal/utils_assert.c.obj
 .debug_aranges
                0x000002b8       0x20 CMakeFiles/SAMC21.elf.dir/atmel_start.c.obj
 .debug_aranges
                0x000002d8       0xa0 CMakeFiles/SAMC21.elf.dir/driver_init.c.obj
 .debug_aranges
                0x00000378       0x38 CMakeFiles/SAMC21.elf.dir/led_flasher_main.c.obj
 .debug_aranges
                0x000003b0       0x28 CMakeFiles/SAMC21.elf.dir/samc21/gcc/gcc/startup_samc21.c.obj

.debug_ranges   0x00000000      0x2f8
 .debug_ranges  0x00000000       0x98 CMakeFiles/SAMC21.elf.dir/hpl/hpl_core_m0plus_base.c.obj
 .debug_ranges  0x00000098       0x40 CMakeFiles/SAMC21.elf.dir/hpl/hpl_divas.c.obj
 .debug_ranges  0x000000d8       0x28 CMakeFiles/SAMC21.elf.dir/hpl/hpl_gclk.c.obj
 .debug_ranges  0x00000100       0x18 CMakeFiles/SAMC21.elf.dir/hpl/hpl_init.c.obj
 .debug_ranges  0x00000118       0x18 CMakeFiles/SAMC21.elf.dir/hpl/hpl_mclk.c.obj
 .debug_ranges  0x00000130       0x28 CMakeFiles/SAMC21.elf.dir/hpl/hpl_osc32kctrl.c.obj
 .debug_ranges  0x00000158       0x50 CMakeFiles/SAMC21.elf.dir/hpl/hpl_oscctrl.c.obj
 .debug_ranges  0x000001a8       0x38 CMakeFiles/SAMC21.elf.dir/hpl/hpl_systick.c.obj
 .debug_ranges  0x000001e0       0x28 CMakeFiles/SAMC21.elf.dir/hal/hal_delay.c.obj
 .debug_ranges  0x00000208       0x10 CMakeFiles/SAMC21.elf.dir/hal/utils_assert.c.obj
 .debug_ranges  0x00000218       0x10 CMakeFiles/SAMC21.elf.dir/atmel_start.c.obj
 .debug_ranges  0x00000228       0x90 CMakeFiles/SAMC21.elf.dir/driver_init.c.obj
 .debug_ranges  0x000002b8       0x28 CMakeFiles/SAMC21.elf.dir/led_flasher_main.c.obj
 .debug_ranges  0x000002e0       0x18 CMakeFiles/SAMC21.elf.dir/samc21/gcc/gcc/startup_samc21.c.obj

.debug_line     0x00000000     0x25eb
 .debug_line    0x00000000      0x529 CMakeFiles/SAMC21.elf.dir/hpl/hpl_core_m0plus_base.c.obj
 .debug_line    0x00000529      0x483 CMakeFiles/SAMC21.elf.dir/hpl/hpl_divas.c.obj
 .debug_line    0x000009ac      0x289 CMakeFiles/SAMC21.elf.dir/hpl/hpl_gclk.c.obj
 .debug_line    0x00000c35      0x245 CMakeFiles/SAMC21.elf.dir/hpl/hpl_init.c.obj
 .debug_line    0x00000e7a      0x234 CMakeFiles/SAMC21.elf.dir/hpl/hpl_mclk.c.obj
 .debug_line    0x000010ae      0x236 CMakeFiles/SAMC21.elf.dir/hpl/hpl_osc32kctrl.c.obj
 .debug_line    0x000012e4      0x33b CMakeFiles/SAMC21.elf.dir/hpl/hpl_oscctrl.c.obj
 .debug_line    0x0000161f      0x2a2 CMakeFiles/SAMC21.elf.dir/hpl/hpl_systick.c.obj
 .debug_line    0x000018c1      0x15c CMakeFiles/SAMC21.elf.dir/hal/hal_delay.c.obj
 .debug_line    0x00001a1d       0x89 CMakeFiles/SAMC21.elf.dir/hal/utils_assert.c.obj
 .debug_line    0x00001aa6       0x7c CMakeFiles/SAMC21.elf.dir/atmel_start.c.obj
 .debug_line    0x00001b22      0x568 CMakeFiles/SAMC21.elf.dir/driver_init.c.obj
 .debug_line    0x0000208a      0x32c CMakeFiles/SAMC21.elf.dir/led_flasher_main.c.obj
 .debug_line    0x000023b6      0x235 CMakeFiles/SAMC21.elf.dir/samc21/gcc/gcc/startup_samc21.c.obj

.debug_str      0x00000000     0x1fc8
 .debug_str     0x00000000      0x559 CMakeFiles/SAMC21.elf.dir/hpl/hpl_core_m0plus_base.c.obj
                                0x5bc (size before relaxing)
 .debug_str     0x00000559      0x1f0 CMakeFiles/SAMC21.elf.dir/hpl/hpl_divas.c.obj
                                0x3b6 (size before relaxing)
 .debug_str     0x00000749      0x1c2 CMakeFiles/SAMC21.elf.dir/hpl/hpl_gclk.c.obj
                                0x37e (size before relaxing)
 .debug_str     0x0000090b      0x21c CMakeFiles/SAMC21.elf.dir/hpl/hpl_init.c.obj
                                0x3f9 (size before relaxing)
 .debug_str     0x00000b27      0x287 CMakeFiles/SAMC21.elf.dir/hpl/hpl_mclk.c.obj
                                0x44d (size before relaxing)
 .debug_str     0x00000dae      0x2a5 CMakeFiles/SAMC21.elf.dir/hpl/hpl_osc32kctrl.c.obj
                                0x48d (size before relaxing)
 .debug_str     0x00001053      0x4c3 CMakeFiles/SAMC21.elf.dir/hpl/hpl_oscctrl.c.obj
                                0x717 (size before relaxing)
 .debug_str     0x00001516       0xd7 CMakeFiles/SAMC21.elf.dir/hpl/hpl_systick.c.obj
                                0x27a (size before relaxing)
 .debug_str     0x000015ed       0x76 CMakeFiles/SAMC21.elf.dir/hal/hal_delay.c.obj
                                0x20f (size before relaxing)
 .debug_str     0x00001663       0x67 CMakeFiles/SAMC21.elf.dir/hal/utils_assert.c.obj
                                0x1d8 (size before relaxing)
 .debug_str     0x000016ca       0x58 CMakeFiles/SAMC21.elf.dir/atmel_start.c.obj
                                0x1be (size before relaxing)
 .debug_str     0x00001722      0x452 CMakeFiles/SAMC21.elf.dir/driver_init.c.obj
                                0x675 (size before relaxing)
 .debug_str     0x00001b74       0x92 CMakeFiles/SAMC21.elf.dir/led_flasher_main.c.obj
                                0x47c (size before relaxing)
 .debug_str     0x00001c06      0x3c2 CMakeFiles/SAMC21.elf.dir/samc21/gcc/gcc/startup_samc21.c.obj
                                0x587 (size before relaxing)

.debug_frame    0x00000000      0xb04
 .debug_frame   0x00000000      0x240 CMakeFiles/SAMC21.elf.dir/hpl/hpl_core_m0plus_base.c.obj
 .debug_frame   0x00000240       0xec CMakeFiles/SAMC21.elf.dir/hpl/hpl_divas.c.obj
 .debug_frame   0x0000032c       0x8c CMakeFiles/SAMC21.elf.dir/hpl/hpl_gclk.c.obj
 .debug_frame   0x000003b8       0x4c CMakeFiles/SAMC21.elf.dir/hpl/hpl_init.c.obj
 .debug_frame   0x00000404       0x50 CMakeFiles/SAMC21.elf.dir/hpl/hpl_mclk.c.obj
 .debug_frame   0x00000454       0x90 CMakeFiles/SAMC21.elf.dir/hpl/hpl_osc32kctrl.c.obj
 .debug_frame   0x000004e4      0x130 CMakeFiles/SAMC21.elf.dir/hpl/hpl_oscctrl.c.obj
 .debug_frame   0x00000614       0xd0 CMakeFiles/SAMC21.elf.dir/hpl/hpl_systick.c.obj
 .debug_frame   0x000006e4       0x8c CMakeFiles/SAMC21.elf.dir/hal/hal_delay.c.obj
 .debug_frame   0x00000770       0x30 CMakeFiles/SAMC21.elf.dir/hal/utils_assert.c.obj
 .debug_frame   0x000007a0       0x2c CMakeFiles/SAMC21.elf.dir/atmel_start.c.obj
 .debug_frame   0x000007cc      0x234 CMakeFiles/SAMC21.elf.dir/driver_init.c.obj
 .debug_frame   0x00000a00       0x8c CMakeFiles/SAMC21.elf.dir/led_flasher_main.c.obj
 .debug_frame   0x00000a8c       0x4c CMakeFiles/SAMC21.elf.dir/samc21/gcc/gcc/startup_samc21.c.obj
 .debug_frame   0x00000ad8       0x2c c:/progra~2/gnuarm~1/102020~1/bin/../lib/gcc/arm-none-eabi/10.2.1/../../../../arm-none-eabi/lib/thumb/v6-m/nofp\libg_nano.a(lib_a-init.o)
